CUDA direct sparse LM benchmark
GPU: NVIDIA A100 80GB PCIe (sm_80, 85093777408 bytes)
NVIDIA driver: 580.173.02, CUDA driver API: 13000
CUDA runtime: 13000, compiled: 13000
Build: Release, git: c949b0736afa59a6b884be9242980488d74ebbb6 (clean)
Warm-ups: 1, measured repeats: 5
GPU timing fields overlap; they are not an exclusive sum.

Loading complete: pose3
  path: /tmp/cuda-final-expanded-size-data/pose3-sphere1000/sphere_smallnoise.graph
  factors: 3849, values: 1000, initialization: raw (0 s), initial error: 204122.355178473
  warm-up 0: CPU, GPU complete
  repetition 0: CPU 0.988978349 s, GPU 0.318119996 s
  repetition 1: CPU 1.00123652 s, GPU 0.300438808 s
  repetition 2: CPU 1.01756094 s, GPU 0.285240623 s
  repetition 3: CPU 1.00610495 s, GPU 0.291956367 s
  repetition 4: CPU 1.04522959 s, GPU 0.31311748 s

Result: pose3
  factors 3849, values 1000, residual rows 23094, columns 6000, J.nnz 277092, H.nnz 313056
  objective 817.801928452638, maximum CPU/GPU difference 1.59161572810262e-12
  CPU external wall                   median 1.00610495 s, mean 1.01182207 s, stddev 0.0190555605 s, range [0.988978349, 1.04522959] s
  GPU external wall                   median 0.300438808 s, mean 0.301774655 s, stddev 0.0123886023 s, range [0.285240623, 0.318119996] s
  median CPU/GPU speedup: 3.34878492x
  GPU iterations 39, outer linearizations 39, lambda attempts 43, analyses 1, termination converged
  GPU detailed timing medians (overlapping fields):
    totalWall                             0.299797896 s
    initialError                          0.000329828 s
    plan                                  0.001554263 s
    persistentSetupWall                   0.015294167 s
    deviceInitializeWall                  0.010183655 s
    patternH2d                            0.00133228803 s
    structureSetup                        0.00388508801 s
    setupD2h                              0.000859551996 s
    hostZero                              0.013199205 s
    factorLinearizationAndPackingWall     0.039580532 s
    factorLinearizationCpuSum             0.26782417 s
    csrPackingCpuSum                      0.089749465 s
    numericH2d                            0.0116547841 s
    transposeUpdate                       0.00513558394 s
    normalJtJ                             0.00206643197 s
    normalJtb                             0.000872448005 s
    diagonalExtraction                    0.000269312005 s
    oldModelError                         0.000499712005 s
    dampingPreparation                    0.000217088001 s
    dampingApplication                    0.000294144006 s
    cudssAnalysis                         0 s
    cudssFactorAndSolve                   0 s
    cudssDataInfoBoundaryWall             0 s
    pcgPreconditionerBuild                0 s
    pcgSolve                              0 s
    pcgD2h                                0 s
    newModelError                         0.00143667201 s
    attemptD2h                            0.00107392 s
    attemptHostBuild                      0.000879094 s
    retract                               0.026425996 s
    nonlinearTrialError                   0.015428585 s
  GPU median transfer bytes:
    pattern H2D: 2500976
    numeric H2D: 93658032
    setup D2H: 2552456
    attempt D2H: 2064688
    PCG convergence D2H: 0
  published timing/cuda_sparse/benchmark_logs/20260816_extended_size_campaign/pose3-sphere1000/results.json.cudss-auto.json and timing/cuda_sparse/benchmark_logs/20260816_extended_size_campaign/pose3-sphere1000/results.csv.cudss-auto.csv
CUDA direct sparse LM benchmark
GPU: NVIDIA A100 80GB PCIe (sm_80, 85093777408 bytes)
NVIDIA driver: 580.173.02, CUDA driver API: 13000
CUDA runtime: 13000, compiled: 13000
Build: Release, git: c949b0736afa59a6b884be9242980488d74ebbb6 (clean)
Warm-ups: 1, measured repeats: 5
GPU timing fields overlap; they are not an exclusive sum.

Loading complete: pose3
  path: /tmp/cuda-final-expanded-size-data/pose3-sphere1000/sphere_smallnoise.graph
  factors: 3849, values: 1000, initialization: raw (0 s), initial error: 204122.355178473
  warm-up 0: CPU, GPU complete
  repetition 0: CPU 0.967224283 s, GPU 0.428106171 s
  repetition 1: CPU 0.965811098 s, GPU 0.393573175 s
  repetition 2: CPU 0.98472675 s, GPU 0.427364588 s
  repetition 3: CPU 1.01880164 s, GPU 0.421074916 s
  repetition 4: CPU 1.02214619 s, GPU 0.42406142 s

Result: pose3
  factors 3849, values 1000, residual rows 23094, columns 6000, J.nnz 277092, H.nnz 313056
  objective 817.801928452638, maximum CPU/GPU difference 4.43378667114303e-12
  CPU external wall                   median 0.98472675 s, mean 0.991741993 s, stddev 0.0244105834 s, range [0.965811098, 1.02214619] s
  GPU external wall                   median 0.42406142 s, mean 0.418836054 s, stddev 0.0128778956 s, range [0.393573175, 0.428106171] s
  median CPU/GPU speedup: 2.32213237x
  GPU iterations 39, outer linearizations 39, lambda attempts 43, analyses 1, termination converged
  GPU detailed timing medians (overlapping fields):
    totalWall                             0.423197974 s
    initialError                          0.000386727 s
    plan                                  0.001599599 s
    persistentSetupWall                   0.015208805 s
    deviceInitializeWall                  0.01024968 s
    patternH2d                            0.00130672 s
    structureSetup                        0.00392179201 s
    setupD2h                              0.000869727999 s
    hostZero                              0.014223654 s
    factorLinearizationAndPackingWall     0.041410581 s
    factorLinearizationCpuSum             0.263072558 s
    csrPackingCpuSum                      0.086583177 s
    numericH2d                            0.00980364798 s
    transposeUpdate                       0.00518483201 s
    normalJtJ                             0.00207769598 s
    normalJtb                             0.000870400004 s
    diagonalExtraction                    0.000265216006 s
    oldModelError                         0.000499712005 s
    dampingPreparation                    0.000222208003 s
    dampingApplication                    0.000292576005 s
    cudssAnalysis                         0 s
    cudssFactorAndSolve                   0 s
    cudssDataInfoBoundaryWall             0 s
    pcgPreconditionerBuild                0 s
    pcgSolve                              0 s
    pcgD2h                                0 s
    newModelError                         0.001426432 s
    attemptD2h                            0.001016064 s
    attemptHostBuild                      0.000874467 s
    retract                               0.025499037 s
    nonlinearTrialError                   0.01514976 s
  GPU median transfer bytes:
    pattern H2D: 2500976
    numeric H2D: 93658032
    setup D2H: 2552456
    attempt D2H: 2064688
    PCG convergence D2H: 0
  published timing/cuda_sparse/benchmark_logs/20260816_extended_size_campaign/pose3-sphere1000/results.json.cudss-gtsam.json and timing/cuda_sparse/benchmark_logs/20260816_extended_size_campaign/pose3-sphere1000/results.csv.cudss-gtsam.csv
CUDA direct sparse LM benchmark
GPU: NVIDIA A100 80GB PCIe (sm_80, 85093777408 bytes)
NVIDIA driver: 580.173.02, CUDA driver API: 13000
CUDA runtime: 13000, compiled: 13000
Build: Release, git: c949b0736afa59a6b884be9242980488d74ebbb6 (clean)
Warm-ups: 1, measured repeats: 5
GPU timing fields overlap; they are not an exclusive sum.

Loading complete: pose3
  path: /tmp/cuda-final-expanded-size-data/pose3-sphere1000/sphere_smallnoise.graph
  factors: 3849, values: 1000, initialization: raw (0 s), initial error: 204122.355178473
  warm-up 0: CPU, GPU complete
  repetition 0: CPU 1.03133545 s, GPU 0.975427921 s
  repetition 1: CPU 1.02104963 s, GPU 0.971452173 s
  repetition 2: CPU 1.0197108 s, GPU 0.963357109 s
  repetition 3: CPU 1.00929823 s, GPU 0.951694574 s
  repetition 4: CPU 1.02560755 s, GPU 0.997705853 s

Result: pose3
  factors 3849, values 1000, residual rows 23094, columns 6000, J.nnz 277092, H.nnz 0
  objective 817.801928452638, maximum CPU/GPU difference 0.000117669647920593
  CPU external wall                   median 1.02104963 s, mean 1.02140033 s, stddev 0.00729171391 s, range [1.00929823, 1.03133545] s
  GPU external wall                   median 0.971452173 s, mean 0.971927526 s, stddev 0.015230399 s, range [0.951694574, 0.997705853] s
  median CPU/GPU speedup: 1.05105496x
  GPU iterations 39, outer linearizations 39, lambda attempts 43, analyses 1, termination converged
  GPU detailed timing medians (overlapping fields):
    totalWall                             0.970768348 s
    initialError                          0.000370495 s
    plan                                  0.002090054 s
    persistentSetupWall                   0.005928512 s
    deviceInitializeWall                  0.001593709 s
    patternH2d                            0.000356224 s
    structureSetup                        0.000700895999 s
    setupD2h                              0 s
    hostZero                              0.014419331 s
    factorLinearizationAndPackingWall     0.042975834 s
    factorLinearizationCpuSum             0.281378821 s
    csrPackingCpuSum                      0.096021242 s
    numericH2d                            0.011250848 s
    transposeUpdate                       0.00501875205 s
    normalJtJ                             0 s
    normalJtb                             0.00076595201 s
    diagonalExtraction                    0.000592895997 s
    oldModelError                         0.000721920006 s
    dampingPreparation                    0.000260096006 s
    dampingApplication                    0 s
    cudssAnalysis                         0 s
    cudssFactorAndSolve                   0 s
    cudssDataInfoBoundaryWall             0 s
    pcgPreconditionerBuild                0.001490213 s
    pcgSolve                              0.794776206 s
    pcgD2h                                0.017563072 s
    newModelError                         0.001345408 s
    attemptD2h                            0.000936543997 s
    attemptHostBuild                      0.001053067 s
    retract                               0.023471445 s
    nonlinearTrialError                   0.015096779 s
  GPU median transfer bytes:
    pattern H2D: 1200748
    numeric H2D: 93658032
    setup D2H: 0
    attempt D2H: 2064688
    PCG convergence D2H: 32060
  published timing/cuda_sparse/benchmark_logs/20260816_extended_size_campaign/pose3-sphere1000/results.json.pcg.json and timing/cuda_sparse/benchmark_logs/20260816_extended_size_campaign/pose3-sphere1000/results.csv.pcg.csv
