CUDA direct sparse LM benchmark
GPU: NVIDIA A100 80GB PCIe (sm_80, 85093777408 bytes)
NVIDIA driver: 580.173.02, CUDA driver API: 13000
CUDA runtime: 13000, compiled: 13000
Build: Release, git: c949b0736afa59a6b884be9242980488d74ebbb6 (clean)
Warm-ups: 2, measured repeats: 15
GPU timing fields overlap; they are not an exclusive sum.

Loading complete: bal16
  path: /tmp/cuda-final-expanded-size-data/bal3/dubrovnik-16-22106-pre.txt
  factors: 18, values: 10, initialization: raw (0 s), initial error: 2753.17394679054
  warm-up 0: CPU, GPU complete
  warm-up 1: CPU, GPU complete
  repetition 0: CPU 0.00689655 s, GPU 0.02421461 s
  repetition 1: CPU 0.00696511 s, GPU 0.023615347 s
  repetition 2: CPU 0.006464035 s, GPU 0.023648801 s
  repetition 3: CPU 0.006908913 s, GPU 0.023450472 s
  repetition 4: CPU 0.00651367 s, GPU 0.023530025 s
  repetition 5: CPU 0.006249416 s, GPU 0.023374638 s
  repetition 6: CPU 0.006304751 s, GPU 0.023444261 s
  repetition 7: CPU 0.006491938 s, GPU 0.023372615 s
  repetition 8: CPU 0.006789896 s, GPU 0.023363295 s
  repetition 9: CPU 0.007156605 s, GPU 0.023203061 s
  repetition 10: CPU 0.006378222 s, GPU 0.023670241 s
  repetition 11: CPU 0.006179482 s, GPU 0.023224542 s
  repetition 12: CPU 0.006243073 s, GPU 0.023577495 s
  repetition 13: CPU 0.006628188 s, GPU 0.023278294 s
  repetition 14: CPU 0.00605792 s, GPU 0.023336165 s

Result: bal16
  factors 18, values 10, residual rows 36, columns 48, J.nnz 432, H.nnz 1278
  objective 0.0006444708941347, maximum CPU/GPU difference 5.93389270012179e-14
  CPU external wall                   median 0.006491938 s, mean 0.00654851793 s, stddev 0.000318176987 s, range [0.00605792, 0.007156605] s
  GPU external wall                   median 0.023444261 s, mean 0.0234869241 s, stddev 0.00024161601 s, range [0.023203061, 0.02421461] s
  median CPU/GPU speedup: 0.276909475x
  GPU iterations 20, outer linearizations 20, lambda attempts 21, analyses 1, termination max_iterations
  GPU detailed timing medians (overlapping fields):
    totalWall                             0.023430564 s
    initialError                          2.775e-06 s
    plan                                  3.4025e-05 s
    persistentSetupWall                   0.002735456 s
    deviceInitializeWall                  0.001040213 s
    patternH2d                            2.88320002e-05 s
    structureSetup                        0.000706304021 s
    setupD2h                              5.97120002e-05 s
    hostZero                              3.187e-06 s
    factorLinearizationAndPackingWall     0.000811798 s
    factorLinearizationCpuSum             0.000194965 s
    csrPackingCpuSum                      9.2623e-05 s
    numericH2d                            0.000238304 s
    transposeUpdate                       0.00171776 s
    normalJtJ                             0.000350208005 s
    normalJtb                             0.000299007996 s
    diagonalExtraction                    0.000126976002 s
    oldModelError                         0.000273407998 s
    dampingPreparation                    0.000156672001 s
    dampingApplication                    0.000162816002 s
    cudssAnalysis                         0 s
    cudssFactorAndSolve                   0 s
    cudssDataInfoBoundaryWall             0 s
    pcgPreconditionerBuild                0 s
    pcgSolve                              0 s
    pcgD2h                                0 s
    newModelError                         0.000400384009 s
    attemptD2h                            0.000195776 s
    attemptHostBuild                      1.2194e-05 s
    retract                               0.000123889 s
    nonlinearTrialError                   7.4726e-05 s
  GPU median transfer bytes:
    pattern H2D: 7376
    numeric H2D: 74880
    setup D2H: 10616
    attempt D2H: 8400
    PCG convergence D2H: 0
  published timing/cuda_sparse/benchmark_logs/20260816_extended_size_campaign/bal3/results.json.cudss-auto.json and timing/cuda_sparse/benchmark_logs/20260816_extended_size_campaign/bal3/results.csv.cudss-auto.csv
CUDA direct sparse LM benchmark
GPU: NVIDIA A100 80GB PCIe (sm_80, 85093777408 bytes)
NVIDIA driver: 580.173.02, CUDA driver API: 13000
CUDA runtime: 13000, compiled: 13000
Build: Release, git: c949b0736afa59a6b884be9242980488d74ebbb6 (clean)
Warm-ups: 2, measured repeats: 15
GPU timing fields overlap; they are not an exclusive sum.

Loading complete: bal16
  path: /tmp/cuda-final-expanded-size-data/bal3/dubrovnik-16-22106-pre.txt
  factors: 18, values: 10, initialization: raw (0 s), initial error: 2753.17394679054
  warm-up 0: CPU, GPU complete
  warm-up 1: CPU, GPU complete
  repetition 0: CPU 0.00593159 s, GPU 0.022653762 s
  repetition 1: CPU 0.006288019 s, GPU 0.022764665 s
  repetition 2: CPU 0.006333666 s, GPU 0.022338733 s
  repetition 3: CPU 0.006105632 s, GPU 0.022355755 s
  repetition 4: CPU 0.005991854 s, GPU 0.022560937 s
  repetition 5: CPU 0.006307055 s, GPU 0.022538073 s
  repetition 6: CPU 0.004989143 s, GPU 0.022685574 s
  repetition 7: CPU 0.006377369 s, GPU 0.022993441 s
  repetition 8: CPU 0.006238545 s, GPU 0.023274487 s
  repetition 9: CPU 0.006151639 s, GPU 0.023146133 s
  repetition 10: CPU 0.006735313 s, GPU 0.023378705 s
  repetition 11: CPU 0.006168281 s, GPU 0.023101237 s
  repetition 12: CPU 0.005578306 s, GPU 0.023173284 s
  repetition 13: CPU 0.005813796 s, GPU 0.022959136 s
  repetition 14: CPU 0.005754902 s, GPU 0.022688119 s

Result: bal16
  factors 18, values 10, residual rows 36, columns 48, J.nnz 432, H.nnz 1278
  objective 0.0006444708941347, maximum CPU/GPU difference 4.92610509675306e-14
  CPU external wall                   median 0.006151639 s, mean 0.00605100733 s, stddev 0.000395909142 s, range [0.004989143, 0.006735313] s
  GPU external wall                   median 0.022764665 s, mean 0.0228408027 s, stddev 0.000319564639 s, range [0.022338733, 0.023378705] s
  median CPU/GPU speedup: 0.270227521x
  GPU iterations 20, outer linearizations 20, lambda attempts 21, analyses 1, termination max_iterations
  GPU detailed timing medians (overlapping fields):
    totalWall                             0.022753363 s
    initialError                          2.596e-06 s
    plan                                  3.2371e-05 s
    persistentSetupWall                   0.002693555 s
    deviceInitializeWall                  0.001046195 s
    patternH2d                            2.89920005e-05 s
    structureSetup                        0.000699936014 s
    setupD2h                              6.0064001e-05 s
    hostZero                              2.997e-06 s
    factorLinearizationAndPackingWall     0.000744248 s
    factorLinearizationCpuSum             0.000152241 s
    csrPackingCpuSum                      7.5858e-05 s
    numericH2d                            0.000215007996 s
    transposeUpdate                       0.00153241599 s
    normalJtJ                             0.000336895998 s
    normalJtb                             0.000282624 s
    diagonalExtraction                    0.000113664 s
    oldModelError                         0.000210944002 s
    dampingPreparation                    0.000136192003 s
    dampingApplication                    0.000144640003 s
    cudssAnalysis                         0 s
    cudssFactorAndSolve                   0 s
    cudssDataInfoBoundaryWall             0 s
    pcgPreconditionerBuild                0 s
    pcgSolve                              0 s
    pcgD2h                                0 s
    newModelError                         0.00039936001 s
    attemptD2h                            0.000189823999 s
    attemptHostBuild                      1.1453e-05 s
    retract                               0.000121775 s
    nonlinearTrialError                   7.5002e-05 s
  GPU median transfer bytes:
    pattern H2D: 7376
    numeric H2D: 74880
    setup D2H: 10616
    attempt D2H: 8400
    PCG convergence D2H: 0
  published timing/cuda_sparse/benchmark_logs/20260816_extended_size_campaign/bal3/results.json.cudss-gtsam.json and timing/cuda_sparse/benchmark_logs/20260816_extended_size_campaign/bal3/results.csv.cudss-gtsam.csv
CUDA direct sparse LM benchmark
GPU: NVIDIA A100 80GB PCIe (sm_80, 85093777408 bytes)
NVIDIA driver: 580.173.02, CUDA driver API: 13000
CUDA runtime: 13000, compiled: 13000
Build: Release, git: c949b0736afa59a6b884be9242980488d74ebbb6 (clean)
Warm-ups: 2, measured repeats: 15
GPU timing fields overlap; they are not an exclusive sum.

Loading complete: bal16
  path: /tmp/cuda-final-expanded-size-data/bal3/dubrovnik-16-22106-pre.txt
  factors: 18, values: 10, initialization: raw (0 s), initial error: 2753.17394679054
  warm-up 0: CPU, GPU complete
  warm-up 1: CPU, GPU complete
  repetition 0: CPU 0.005886183 s, GPU 0.105758808 s
  repetition 1: CPU 0.006253093 s, GPU 0.106360715 s
  repetition 2: CPU 0.005515266 s, GPU 0.106364492 s
  repetition 3: CPU 0.005067763 s, GPU 0.106498819 s
  repetition 4: CPU 0.004903399 s, GPU 0.101166442 s
  repetition 5: CPU 0.006022874 s, GPU 0.105858928 s
  repetition 6: CPU 0.00634589 s, GPU 0.107100876 s
  repetition 7: CPU 0.006742837 s, GPU 0.101806693 s
  repetition 8: CPU 0.005725948 s, GPU 0.106513826 s
  repetition 9: CPU 0.006346831 s, GPU 0.107511719 s
  repetition 10: CPU 0.005444691 s, GPU 0.108082488 s
  repetition 11: CPU 0.006345408 s, GPU 0.107176972 s
  repetition 12: CPU 0.006058682 s, GPU 0.106487306 s
  repetition 13: CPU 0.004668271 s, GPU 0.102415312 s
  repetition 14: CPU 0.00427378 s, GPU 0.107918535 s

Result: bal16
  factors 18, values 10, residual rows 36, columns 48, J.nnz 432, H.nnz 0
  objective 0.0006444708941347, maximum CPU/GPU difference 6.74557506598382e-08
  CPU external wall                   median 0.005886183 s, mean 0.00570672773 s, stddev 0.000690182092 s, range [0.00427378, 0.006742837] s
  GPU external wall                   median 0.106487306 s, mean 0.105801462 s, stddev 0.00211655699 s, range [0.101166442, 0.108082488] s
  median CPU/GPU speedup: 0.0552759124x
  GPU iterations 20, outer linearizations 20, lambda attempts 21, analyses 1, termination max_iterations
  GPU detailed timing medians (overlapping fields):
    totalWall                             0.106470995 s
    initialError                          2.826e-06 s
    plan                                  3.2172e-05 s
    persistentSetupWall                   0.001965479 s
    deviceInitializeWall                  0.000408288 s
    patternH2d                            1.12640001e-05 s
    structureSetup                        0.000166912004 s
    setupD2h                              0 s
    hostZero                              3.036e-06 s
    factorLinearizationAndPackingWall     0.000733938 s
    factorLinearizationCpuSum             0.000155497 s
    csrPackingCpuSum                      8.2076e-05 s
    numericH2d                            0.000207328002 s
    transposeUpdate                       0.001615072 s
    normalJtJ                             0 s
    normalJtb                             0.00036864 s
    diagonalExtraction                    0.000142336003 s
    oldModelError                         0.000252928004 s
    dampingPreparation                    0.000137216003 s
    dampingApplication                    0 s
    cudssAnalysis                         0 s
    cudssFactorAndSolve                   0 s
    cudssDataInfoBoundaryWall             0 s
    pcgPreconditionerBuild                0.00045729 s
    pcgSolve                              0.097316888 s
    pcgD2h                                0.002191808 s
    newModelError                         0.000500544 s
    attemptD2h                            0.000191360001 s
    attemptHostBuild                      1.1324e-05 s
    retract                               0.000138693 s
    nonlinearTrialError                   7.9643e-05 s
  GPU median transfer bytes:
    pattern H2D: 1876
    numeric H2D: 74880
    setup D2H: 0
    attempt D2H: 8400
    PCG convergence D2H: 4840
  published timing/cuda_sparse/benchmark_logs/20260816_extended_size_campaign/bal3/results.json.pcg.json and timing/cuda_sparse/benchmark_logs/20260816_extended_size_campaign/bal3/results.csv.pcg.csv
