CUDA direct sparse LM benchmark
GPU: NVIDIA A100 80GB PCIe (sm_80, 85093777408 bytes)
NVIDIA driver: 580.173.02, CUDA driver API: 13000
CUDA runtime: 13000, compiled: 13000
Build: Release, git: c949b0736afa59a6b884be9242980488d74ebbb6 (clean)
Warm-ups: 1, measured repeats: 5
GPU timing fields overlap; they are not an exclusive sum.

Loading complete: pose2
  path: /tmp/cuda-final-expanded-size-data/pose2-victoria-park/w10000.graph
  factors: 10609, values: 7120, initialization: raw (0 s), initial error: 56844007.4240813
  warm-up 0: CPU, GPU complete
  repetition 0: CPU 4.08750873 s, GPU 0.964956417 s
  repetition 1: CPU 3.92280503 s, GPU 0.985345478 s
  repetition 2: CPU 3.8800084 s, GPU 0.946349521 s
  repetition 3: CPU 3.83568155 s, GPU 0.928622835 s
  repetition 4: CPU 3.83407849 s, GPU 0.97187385 s

Result: pose2
  factors 10609, values 7120, residual rows 28187, columns 21209, J.nnz 161833, H.nnz 232429
  objective 32537201.4210287, maximum CPU/GPU difference 1.49011611938477e-08
  CPU external wall                   median 3.8800084 s, mean 3.91201644 s, stddev 0.0936373774 s, range [3.83407849, 4.08750873] s
  GPU external wall                   median 0.964956417 s, mean 0.95942962 s, stddev 0.0198855879 s, range [0.928622835, 0.985345478] s
  median CPU/GPU speedup: 4.02091569x
  GPU iterations 50, outer linearizations 50, lambda attempts 55, analyses 1, termination max_iterations
  GPU detailed timing medians (overlapping fields):
    totalWall                             0.955245043 s
    initialError                          0.001347009 s
    plan                                  0.006114477 s
    persistentSetupWall                   0.010083164 s
    deviceInitializeWall                  0.00741126 s
    patternH2d                            0.000553983998 s
    structureSetup                        0.00246384006 s
    setupD2h                              0.00104355198 s
    hostZero                              0.022459359 s
    factorLinearizationAndPackingWall     0.172268911 s
    factorLinearizationCpuSum             0.837837674 s
    csrPackingCpuSum                      0.372779841 s
    numericH2d                            0.015080928 s
    transposeUpdate                       0.00622668804 s
    normalJtJ                             0.00109977599 s
    normalJtb                             0.000996351963 s
    diagonalExtraction                    0.000326656009 s
    oldModelError                         0.000637952016 s
    dampingPreparation                    0.000301056004 s
    dampingApplication                    0.000392160006 s
    cudssAnalysis                         0 s
    cudssFactorAndSolve                   0 s
    cudssDataInfoBoundaryWall             0 s
    pcgPreconditionerBuild                0 s
    pcgSolve                              0 s
    pcgD2h                                0 s
    newModelError                         0.00174694399 s
    attemptD2h                            0.00461817601 s
    attemptHostBuild                      0.001754633 s
    retract                               0.163464735 s
    nonlinearTrialError                   0.046884364 s
  GPU median transfer bytes:
    pattern H2D: 1859476
    numeric H2D: 76008000
    setup D2H: 2029112
    attempt D2H: 9332840
    PCG convergence D2H: 0
  published timing/cuda_sparse/benchmark_logs/20260816_extended_size_campaign/pose2-victoria-park/results.json.cudss-auto.json and timing/cuda_sparse/benchmark_logs/20260816_extended_size_campaign/pose2-victoria-park/results.csv.cudss-auto.csv
CUDA direct sparse LM benchmark
GPU: NVIDIA A100 80GB PCIe (sm_80, 85093777408 bytes)
NVIDIA driver: 580.173.02, CUDA driver API: 13000
CUDA runtime: 13000, compiled: 13000
Build: Release, git: c949b0736afa59a6b884be9242980488d74ebbb6 (clean)
Warm-ups: 1, measured repeats: 5
GPU timing fields overlap; they are not an exclusive sum.

Loading complete: pose2
  path: /tmp/cuda-final-expanded-size-data/pose2-victoria-park/w10000.graph
  factors: 10609, values: 7120, initialization: raw (0 s), initial error: 56844007.4240813
  warm-up 0: CPU, GPU complete
  repetition 0: CPU 3.68773998 s, GPU 1.49826781 s
  repetition 1: CPU 3.70314377 s, GPU 1.45837955 s
  repetition 2: CPU 3.90045907 s, GPU 1.47937534 s
  repetition 3: CPU 3.75707727 s, GPU 1.45420611 s
  repetition 4: CPU 3.87642587 s, GPU 1.47430501 s

Result: pose2
  factors 10609, values 7120, residual rows 28187, columns 21209, J.nnz 161833, H.nnz 232429
  objective 32537201.4210287, maximum CPU/GPU difference 2.98023223876953e-08
  CPU external wall                   median 3.75707727 s, mean 3.78496919 s, stddev 0.0878966602 s, range [3.68773998, 3.90045907] s
  GPU external wall                   median 1.47430501 s, mean 1.47290676 s, stddev 0.0157970531 s, range [1.45420611, 1.49826781] s
  median CPU/GPU speedup: 2.54837177x
  GPU iterations 50, outer linearizations 50, lambda attempts 55, analyses 1, termination max_iterations
  GPU detailed timing medians (overlapping fields):
    totalWall                             1.46940622 s
    initialError                          0.001119093 s
    plan                                  0.005689958 s
    persistentSetupWall                   0.008802112 s
    deviceInitializeWall                  0.006174051 s
    patternH2d                            0.000500959998 s
    structureSetup                        0.00247740801 s
    setupD2h                              0.00102758396 s
    hostZero                              0.020120845 s
    factorLinearizationAndPackingWall     0.158719181 s
    factorLinearizationCpuSum             0.719778071 s
    csrPackingCpuSum                      0.288538769 s
    numericH2d                            0.0154076161 s
    transposeUpdate                       0.00626342398 s
    normalJtJ                             0.001152 s
    normalJtb                             0.000994303962 s
    diagonalExtraction                    0.000343040008 s
    oldModelError                         0.000638976016 s
    dampingPreparation                    0.000307200005 s
    dampingApplication                    0.000387744007 s
    cudssAnalysis                         0 s
    cudssFactorAndSolve                   0 s
    cudssDataInfoBoundaryWall             0 s
    pcgPreconditionerBuild                0 s
    pcgSolve                              0 s
    pcgD2h                                0 s
    newModelError                         0.00170086397 s
    attemptD2h                            0.00443807999 s
    attemptHostBuild                      0.001940878 s
    retract                               0.162525911 s
    nonlinearTrialError                   0.045956302 s
  GPU median transfer bytes:
    pattern H2D: 1859476
    numeric H2D: 76008000
    setup D2H: 2029112
    attempt D2H: 9332840
    PCG convergence D2H: 0
  published timing/cuda_sparse/benchmark_logs/20260816_extended_size_campaign/pose2-victoria-park/results.json.cudss-gtsam.json and timing/cuda_sparse/benchmark_logs/20260816_extended_size_campaign/pose2-victoria-park/results.csv.cudss-gtsam.csv
CUDA direct sparse LM benchmark
GPU: NVIDIA A100 80GB PCIe (sm_80, 85093777408 bytes)
NVIDIA driver: 580.173.02, CUDA driver API: 13000
CUDA runtime: 13000, compiled: 13000
Build: Release, git: c949b0736afa59a6b884be9242980488d74ebbb6 (clean)
Warm-ups: 1, measured repeats: 5
GPU timing fields overlap; they are not an exclusive sum.

Loading complete: pose2
  path: /tmp/cuda-final-expanded-size-data/pose2-victoria-park/w10000.graph
  factors: 10609, values: 7120, initialization: raw (0 s), initial error: 56844007.4240813
  warm-up 0: CPU, GPU complete
  repetition 0: CPU 3.51945087 s, GPU 0.935184512 s
  repetition 1: CPU 3.60208845 s, GPU 0.938639139 s
  repetition 2: CPU 3.75958331 s, GPU 0.982867276 s
  repetition 3: CPU 3.82370327 s, GPU 0.9816357 s
  repetition 4: CPU 3.93647788 s, GPU 0.970495528 s

Result: pose2
  factors 10609, values 7120, residual rows 28187, columns 21209, J.nnz 161833, H.nnz 0
  objective 32537201.4210287, maximum CPU/GPU difference 0.000308588147163391
  CPU external wall                   median 3.75958331 s, mean 3.72826076 s, stddev 0.150310191 s, range [3.51945087, 3.93647788] s
  GPU external wall                   median 0.970495528 s, mean 0.961764431 s, stddev 0.0207735441 s, range [0.935184512, 0.982867276] s
  median CPU/GPU speedup: 3.8738801x
  GPU iterations 50, outer linearizations 50, lambda attempts 55, analyses 1, termination max_iterations
  GPU detailed timing medians (overlapping fields):
    totalWall                             0.958199155 s
    initialError                          0.001125626 s
    plan                                  0.005301948 s
    persistentSetupWall                   0.003516764 s
    deviceInitializeWall                  0.001381744 s
    patternH2d                            0.000259743989 s
    structureSetup                        0.000657760002 s
    setupD2h                              0 s
    hostZero                              0.020442415 s
    factorLinearizationAndPackingWall     0.157671178 s
    factorLinearizationCpuSum             0.722311629 s
    csrPackingCpuSum                      0.294768651 s
    numericH2d                            0.016412256 s
    transposeUpdate                       0.00622150403 s
    normalJtJ                             0 s
    normalJtb                             0.00102092797 s
    diagonalExtraction                    0.000978943959 s
    oldModelError                         0.000892928014 s
    dampingPreparation                    0.000339968007 s
    dampingApplication                    0 s
    cudssAnalysis                         0 s
    cudssFactorAndSolve                   0 s
    cudssDataInfoBoundaryWall             0 s
    pcgPreconditionerBuild                0.002514547 s
    pcgSolve                              0.145385831 s
    pcgD2h                                0.00414252802 s
    newModelError                         0.001735328 s
    attemptD2h                            0.00440489599 s
    attemptHostBuild                      0.00189544 s
    retract                               0.159161616 s
    nonlinearTrialError                   0.044203312 s
  GPU median transfer bytes:
    pattern H2D: 760084
    numeric H2D: 76008000
    setup D2H: 0
    attempt D2H: 9332840
    PCG convergence D2H: 7540
  published timing/cuda_sparse/benchmark_logs/20260816_extended_size_campaign/pose2-victoria-park/results.json.pcg.json and timing/cuda_sparse/benchmark_logs/20260816_extended_size_campaign/pose2-victoria-park/results.csv.pcg.csv
