
Processing BAL file: examples/Data/dubrovnik-135-90642-pre.txt
  SFM linearization feasibility benchmark
  graph representation: raw GeneralSFMFactor
  GTSAM_USE_TBB: yes
  cameras: 135, points: 90642, observations/factors: 553336, values: 90777
  warm-up calls per path: 1 (not timed)
  measured repeats: 10
  CPU output linear factors: 553336
  CPU/TBB graph.linearize()
    repeat 0: 0.057299069 s
    repeat 1: 0.030958709 s
    repeat 2: 0.027203455 s
    repeat 3: 0.026306604 s
    repeat 4: 0.026364264 s
    repeat 5: 0.025833151 s
    repeat 6: 0.025118998 s
    repeat 7: 0.027579994 s
    repeat 8: 0.027772362 s
    repeat 9: 0.026152191 s
    mean: 0.0300588797 s
    min:  0.025118998 s
    max:  0.057299069 s
    throughput: 18408404 factors/s
  CPU state validation: retracted values: 90777, trial error: 58055917
  CPU Values retract()
    repeat 0: 0.012319922 s
    repeat 1: 0.0125912 s
    repeat 2: 0.016539453 s
    repeat 3: 0.014054743 s
    repeat 4: 0.014318175 s
    repeat 5: 0.014105258 s
    repeat 6: 0.014208416 s
    repeat 7: 0.013895167 s
    repeat 8: 0.014374692 s
    repeat 9: 0.01408035 s
    mean: 0.0140487376 s
    min:  0.012319922 s
    max:  0.016539453 s
    throughput: 6461577.02 values/s
  CPU trial graph.error()
    repeat 0: 0.016235412 s
    repeat 1: 0.010176603 s
    repeat 2: 0.01481379 s
    repeat 3: 0.014803841 s
    repeat 4: 0.01484535 s
    repeat 5: 0.014243943 s
    repeat 6: 0.014426311 s
    repeat 7: 0.014071053 s
    repeat 8: 0.013623339 s
    repeat 9: 0.010773353 s
    mean: 0.0138012995 s
    min:  0.010176603 s
    max:  0.016235412 s
    throughput: 40093036.2 factors/s
  GPU output observations: 553336, delta dimension: 273141
  GPU projection residual/Jacobian generation
    repeat 0: 0.000386507 s
    repeat 1: 0.000380926 s
    repeat 2: 0.000379725 s
    repeat 3: 0.000381537 s
    repeat 4: 0.000383823 s
    repeat 5: 0.000378943 s
    repeat 6: 0.000388852 s
    repeat 7: 0.000380937 s
    repeat 8: 0.000381237 s
    repeat 9: 0.000381649 s
    mean: 0.0003824136 s
    min:  0.000378943 s
    max:  0.000388852 s
    throughput: 1.44695691e+09 observations/s
  GPU Hessian diagonal generation
    repeat 0: 0.000918132 s
    repeat 1: 0.000923222 s
    repeat 2: 0.000921047 s
    repeat 3: 0.000920286 s
    repeat 4: 0.000918622 s
    repeat 5: 0.000916619 s
    repeat 6: 0.000920165 s
    repeat 7: 0.000922199 s
    repeat 8: 0.000921789 s
    repeat 9: 0.000915667 s
    mean: 0.0009197748 s
    min:  0.000915667 s
    max:  0.000923222 s
    throughput: 601599435 observations/s
  GPU dense Schur combined (linearize + Schur/Hessian + solve + recover; precomputed damping diagonal)
    repeat 0: 0.007487173 s
    repeat 1: 0.007481292 s
    repeat 2: 0.007497944 s
    repeat 3: 0.007511229 s
    repeat 4: 0.007475662 s
    repeat 5: 0.007507842 s
    repeat 6: 0.007575702 s
    repeat 7: 0.007561985 s
    repeat 8: 0.007557468 s
    repeat 9: 0.007552648 s
    mean: 0.0075208945 s
    min:  0.007475662 s
    max:  0.007575702 s
    throughput: 73573163.4 observations/s
  comparison
    CPU linearize / GPU projection linearize: 78.6030614x
    CPU linearize / GPU Hessian diagonal: 32.680695x
    CPU linearize / GPU dense Schur combined: 3.99671604x
