
Processing BAL file: examples/Data/dubrovnik-135-90642-pre.txt
  SFM linearization feasibility benchmark
  graph representation: raw GeneralSFMFactor
  GTSAM_USE_TBB: yes
  cameras: 135, points: 90642, observations/factors: 553336, values: 90777
  warm-up calls per path: 1 (not timed)
  measured repeats: 10
  CPU output linear factors: 553336
  CPU/TBB graph.linearize()
    repeat 0: 0.048030729 s
    repeat 1: 0.029937853 s
    repeat 2: 0.027160564 s
    repeat 3: 0.029206628 s
    repeat 4: 0.031263531 s
    repeat 5: 0.029093792 s
    repeat 6: 0.026128916 s
    repeat 7: 0.02827454 s
    repeat 8: 0.027173348 s
    repeat 9: 0.030561652 s
    mean: 0.0306831553 s
    min:  0.026128916 s
    max:  0.048030729 s
    throughput: 18033868.9 factors/s
  CPU state validation: retracted values: 90777, trial error: 58055917
  CPU Values retract()
    repeat 0: 0.013518669 s
    repeat 1: 0.018152179 s
    repeat 2: 0.016268125 s
    repeat 3: 0.014527073 s
    repeat 4: 0.015346076 s
    repeat 5: 0.015216529 s
    repeat 6: 0.015578079 s
    repeat 7: 0.014354764 s
    repeat 8: 0.014166064 s
    repeat 9: 0.013685858 s
    mean: 0.0150813416 s
    min:  0.013518669 s
    max:  0.018152179 s
    throughput: 6019159.46 values/s
  CPU trial graph.error()
    repeat 0: 0.014215299 s
    repeat 1: 0.013400594 s
    repeat 2: 0.012914238 s
    repeat 3: 0.011738803 s
    repeat 4: 0.010185641 s
    repeat 5: 0.009606587 s
    repeat 6: 0.010642452 s
    repeat 7: 0.01020545 s
    repeat 8: 0.011227719 s
    repeat 9: 0.011648112 s
    mean: 0.0115784895 s
    min:  0.009606587 s
    max:  0.014215299 s
    throughput: 47789998.9 factors/s
  GPU output observations: 553336, delta dimension: 273141
  GPU projection residual/Jacobian generation
    repeat 0: 0.000385515 s
    repeat 1: 0.0003879 s
    repeat 2: 0.000386017 s
    repeat 3: 0.000391316 s
    repeat 4: 0.00038244 s
    repeat 5: 0.000388742 s
    repeat 6: 0.000385154 s
    repeat 7: 0.000384634 s
    repeat 8: 0.00038234 s
    repeat 9: 0.000389092 s
    mean: 0.000386315 s
    min:  0.00038234 s
    max:  0.000391316 s
    throughput: 1.43234407e+09 observations/s
  GPU Hessian diagonal generation
    repeat 0: 0.000918131 s
    repeat 1: 0.0009224 s
    repeat 2: 0.000923022 s
    repeat 3: 0.000922209 s
    repeat 4: 0.000923221 s
    repeat 5: 0.000920826 s
    repeat 6: 0.000923662 s
    repeat 7: 0.000920386 s
    repeat 8: 0.000921177 s
    repeat 9: 0.000921998 s
    mean: 0.0009217032 s
    min:  0.000918131 s
    max:  0.000923662 s
    throughput: 600340760 observations/s
  GPU dense Schur combined (linearize + Schur/Hessian + solve + recover; precomputed damping diagonal)
    repeat 0: 0.007506581 s
    repeat 1: 0.007495889 s
    repeat 2: 0.007501351 s
    repeat 3: 0.007487012 s
    repeat 4: 0.007474369 s
    repeat 5: 0.00752716 s
    repeat 6: 0.007467875 s
    repeat 7: 0.007531088 s
    repeat 8: 0.007562357 s
    repeat 9: 0.007570132 s
    mean: 0.0075123814 s
    min:  0.007467875 s
    max:  0.007570132 s
    throughput: 73656537.2 observations/s
  comparison
    CPU linearize / GPU projection linearize: 79.4252237x
    CPU linearize / GPU Hessian diagonal: 33.2896265x
    CPU linearize / GPU dense Schur combined: 4.08434472x
