
Processing BAL file: examples/Data/dubrovnik-135-90642-pre.txt
  SFM linearization feasibility benchmark
  graph representation: raw GeneralSFMFactor
  GTSAM_USE_TBB: yes
  cameras: 135, points: 90642, observations/factors: 553336, values: 90777
  warm-up calls per path: 1 (not timed)
  measured repeats: 10
  CPU output linear factors: 553336
  CPU/TBB graph.linearize()
    repeat 0: 0.055646225 s
    repeat 1: 0.032307753 s
    repeat 2: 0.029271911 s
    repeat 3: 0.026884648 s
    repeat 4: 0.027225618 s
    repeat 5: 0.026905938 s
    repeat 6: 0.038917602 s
    repeat 7: 0.025786863 s
    repeat 8: 0.027577359 s
    repeat 9: 0.027575315 s
    mean: 0.0318099232 s
    min:  0.025786863 s
    max:  0.055646225 s
    throughput: 17395075 factors/s
  CPU state validation: retracted values: 90777, trial error: 58055917
  CPU Values retract()
    repeat 0: 0.014996388 s
    repeat 1: 0.013735063 s
    repeat 2: 0.013352482 s
    repeat 3: 0.013930545 s
    repeat 4: 0.013988315 s
    repeat 5: 0.015215997 s
    repeat 6: 0.012967577 s
    repeat 7: 0.012868899 s
    repeat 8: 0.01265389 s
    repeat 9: 0.012781583 s
    mean: 0.0136490739 s
    min:  0.01265389 s
    max:  0.015215997 s
    throughput: 6650780.9 values/s
  CPU trial graph.error()
    repeat 0: 0.009994488 s
    repeat 1: 0.009382248 s
    repeat 2: 0.013548145 s
    repeat 3: 0.00918895 s
    repeat 4: 0.009569957 s
    repeat 5: 0.008960994 s
    repeat 6: 0.008938241 s
    repeat 7: 0.008683305 s
    repeat 8: 0.008518311 s
    repeat 9: 0.00874402 s
    mean: 0.0095528659 s
    min:  0.008518311 s
    max:  0.013548145 s
    throughput: 57923559.9 factors/s
  GPU output observations: 553336, delta dimension: 273141
  GPU projection residual/Jacobian generation
    repeat 0: 0.000382909 s
    repeat 1: 0.000384995 s
    repeat 2: 0.000383792 s
    repeat 3: 0.000383812 s
    repeat 4: 0.000379895 s
    repeat 5: 0.0003832 s
    repeat 6: 0.000383983 s
    repeat 7: 0.000386236 s
    repeat 8: 0.000385236 s
    repeat 9: 0.000387068 s
    mean: 0.0003841126 s
    min:  0.000379895 s
    max:  0.000387068 s
    throughput: 1.44055675e+09 observations/s
  GPU Hessian diagonal generation
    repeat 0: 0.000920185 s
    repeat 1: 0.000914134 s
    repeat 2: 0.000915888 s
    repeat 3: 0.000915506 s
    repeat 4: 0.000920777 s
    repeat 5: 0.000916157 s
    repeat 6: 0.000908664 s
    repeat 7: 0.000914825 s
    repeat 8: 0.000913422 s
    repeat 9: 0.000915296 s
    mean: 0.0009154854 s
    min:  0.000908664 s
    max:  0.000920777 s
    throughput: 604418159 observations/s
  GPU dense Schur combined (linearize + Schur/Hessian + solve + recover; precomputed damping diagonal)
    repeat 0: 0.007484478 s
    repeat 1: 0.007500688 s
    repeat 2: 0.007494107 s
    repeat 3: 0.007479649 s
    repeat 4: 0.007520967 s
    repeat 5: 0.00750162 s
    repeat 6: 0.007515397 s
    repeat 7: 0.007505868 s
    repeat 8: 0.007571634 s
    repeat 9: 0.007497303 s
    mean: 0.0075071711 s
    min:  0.007479649 s
    max:  0.007571634 s
    throughput: 73707658 observations/s
  comparison
    CPU linearize / GPU projection linearize: 82.8140582x
    CPU linearize / GPU Hessian diagonal: 34.7465106x
    CPU linearize / GPU dense Schur combined: 4.23727164x
